GAMS 29.1.0  rbb4180b Released Nov 15, 2019 WEX-WEI x86 64bit/MS Windows - 11/24/19 14:10:11 Page 1
G e n e r a l   A l g e b r a i c   M o d e l i n g   S y s t e m
C o m p i l a t i o n


   1  Sets
   2         i   canning plants   / Seattle, San-Diego /
   3         j   markets          / New-York, Chicago, Topeka / ;
   4  Parameters
   5         a(i)  capacity of plant i in cases
   6           /    Seattle     350
   7                San-Diego   600  /
   8         b(j)  demand at market j in cases
   9           /    New-York    325
  10                Chicago     300
  11                Topeka      275  / ;
  12  Table  d(i,j)  distance in thousands of miles
  13                    New-York       Chicago      Topeka
  14      Seattle          2.5           1.7          1.8
  15      San-Diego        2.5           1.8          1.4  ;
  16  Scalar f  freight in dollars per case per thousand miles  /90/ ;
  17  Parameter
  18         c(i,j)  transport cost in thousands of dollars per case ;
  19  c(i,j) = f * d(i,j) / 1000 ;
  20  Variables
  21       x(i,j)  shipment quantities in cases
  22       z       total transportation costs in thousands of dollars ;
  23  Positive variables x ;
  24  Equations
  25  * just the definitions of the equations
  26       cost        define objective function
  27       supply(i)   observe supply limit at plant i
  28       demand(j)   satisfy demand at market j ;
  29  * =e= equality
  30  cost ..        z  =e=  sum((i,j), c(i,j)*x(i,j)) ;
  31  * =l= inequality: left side is less than right side
  32  supply(i) ..   sum(j, x(i,j))  =l=  a(i) ;
  33  * =g= inequality: left side is greater than right side
  34  demand(j) ..   sum(i, x(i,j))  =g=  b(j) ;
  35   
  36   
  37  * the transport model is just a grouping of equations
  38  * the keyword all indicates that the model consists of all equations previously declared
  39  Model transport /all/ ;
  40  * z is the objective variable
  41  * the object variable must be scalar and type free and must appear in at least one of the equations in the model
  42  Solve transport using LP minimizing z ;


COMPILATION TIME     =        0.000 SECONDS      3 MB  29.1.0 rbb4180b WEX-WEI
GAMS 29.1.0  rbb4180b Released Nov 15, 2019 WEX-WEI x86 64bit/MS Windows - 11/24/19 14:10:11 Page 2
G e n e r a l   A l g e b r a i c   M o d e l i n g   S y s t e m
Equation Listing    SOLVE transport Using LP From line 42


---- cost  =E=  define objective function

cost..  - 0.225*x(Seattle,New-York) - 0.153*x(Seattle,Chicago) - 0.162*x(Seattle,Topeka) - 0.225*x(San-Diego,New-York) - 0.162*x(San-Diego,Chicago) - 0.126*x(San-Diego,Topeka) + z =E= 0 ; (LHS = 0)
     

---- supply  =L=  observe supply limit at plant i

supply(Seattle)..  x(Seattle,New-York) + x(Seattle,Chicago) + x(Seattle,Topeka) =L= 350 ; (LHS = 0)
     
supply(San-Diego)..  x(San-Diego,New-York) + x(San-Diego,Chicago) + x(San-Diego,Topeka) =L= 600 ; (LHS = 0)
     

---- demand  =G=  satisfy demand at market j

demand(New-York)..  x(Seattle,New-York) + x(San-Diego,New-York) =G= 325 ; (LHS = 0, INFES = 325 ****)
     
demand(Chicago)..  x(Seattle,Chicago) + x(San-Diego,Chicago) =G= 300 ; (LHS = 0, INFES = 300 ****)
     
demand(Topeka)..  x(Seattle,Topeka) + x(San-Diego,Topeka) =G= 275 ; (LHS = 0, INFES = 275 ****)
     
GAMS 29.1.0  rbb4180b Released Nov 15, 2019 WEX-WEI x86 64bit/MS Windows - 11/24/19 14:10:11 Page 3
G e n e r a l   A l g e b r a i c   M o d e l i n g   S y s t e m
Column Listing      SOLVE transport Using LP From line 42


---- x  shipment quantities in cases

x(Seattle,New-York)
                (.LO, .L, .UP, .M = 0, 0, +INF, 0)
       -0.225   cost
        1       supply(Seattle)
        1       demand(New-York)

x(Seattle,Chicago)
                (.LO, .L, .UP, .M = 0, 0, +INF, 0)
       -0.153   cost
        1       supply(Seattle)
        1       demand(Chicago)

x(Seattle,Topeka)
                (.LO, .L, .UP, .M = 0, 0, +INF, 0)
       -0.162   cost
        1       supply(Seattle)
        1       demand(Topeka)

REMAINING 3 ENTRIES SKIPPED

---- z  total transportation costs in thousands of dollars

z
                (.LO, .L, .UP, .M = -INF, 0, +INF, 0)
        1       cost

GAMS 29.1.0  rbb4180b Released Nov 15, 2019 WEX-WEI x86 64bit/MS Windows - 11/24/19 14:10:11 Page 4
G e n e r a l   A l g e b r a i c   M o d e l i n g   S y s t e m
Model Statistics    SOLVE transport Using LP From line 42


MODEL STATISTICS

BLOCKS OF EQUATIONS           3     SINGLE EQUATIONS            6
BLOCKS OF VARIABLES           2     SINGLE VARIABLES            7
NON ZERO ELEMENTS            19


GENERATION TIME      =        0.140 SECONDS      4 MB  29.1.0 rbb4180b WEX-WEI


EXECUTION TIME       =        0.140 SECONDS      4 MB  29.1.0 rbb4180b WEX-WEI
GAMS 29.1.0  rbb4180b Released Nov 15, 2019 WEX-WEI x86 64bit/MS Windows - 11/24/19 14:10:11 Page 5
G e n e r a l   A l g e b r a i c   M o d e l i n g   S y s t e m
Solution Report     SOLVE transport Using LP From line 42


               S O L V E      S U M M A R Y

     MODEL   transport           OBJECTIVE  z
     TYPE    LP                  DIRECTION  MINIMIZE
     SOLVER  CPLEX               FROM LINE  42

**** SOLVER STATUS     1 Normal Completion         
**** MODEL STATUS      1 Optimal                   
**** OBJECTIVE VALUE              153.6750

 RESOURCE USAGE, LIMIT          0.078      1000.000
 ITERATION COUNT, LIMIT         4    2000000000

IBM ILOG CPLEX   29.1.0 rbb4180b Released Nov 15, 2019 WEI x86 64bit/MS Window
Cplex 12.9.0.0

Space for names approximately 0.00 Mb
Use option 'names no' to turn use of names off
LP status(1): optimal
Cplex Time: 0.02sec (det. 0.01 ticks)
Optimal solution found.
Objective :         153.675000


                           LOWER          LEVEL          UPPER         MARGINAL

---- EQU cost                .              .              .             1.0000      

  cost  define objective function

---- EQU supply  observe supply limit at plant i

                 LOWER          LEVEL          UPPER         MARGINAL

Seattle          -INF          350.0000       350.0000         EPS         
San-Diego        -INF          550.0000       600.0000          .          

---- EQU demand  satisfy demand at market j

                LOWER          LEVEL          UPPER         MARGINAL

New-York       325.0000       325.0000        +INF            0.2250      
Chicago        300.0000       300.0000        +INF            0.1530      
Topeka         275.0000       275.0000        +INF            0.1260      

---- VAR x  shipment quantities in cases

                          LOWER          LEVEL          UPPER         MARGINAL

Seattle  .New-York          .            50.0000        +INF             .          
Seattle  .Chicago           .           300.0000        +INF             .          
Seattle  .Topeka            .              .            +INF            0.0360      
San-Diego.New-York          .           275.0000        +INF             .          
San-Diego.Chicago           .              .            +INF            0.0090      
San-Diego.Topeka            .           275.0000        +INF             .          

                           LOWER          LEVEL          UPPER         MARGINAL

---- VAR z                 -INF          153.6750        +INF             .          

  z  total transportation costs in thousands of dollars


**** REPORT SUMMARY :        0     NONOPT
                             0 INFEASIBLE
                             0  UNBOUNDED


EXECUTION TIME       =        0.015 SECONDS      2 MB  29.1.0 rbb4180b WEX-WEI


USER: GAMS Development Corporation, USA              G871201/0000CA-ANY
      Free Demo, +1 202-342-0180, support@gams.com, www.gams.com DC0000


**** FILE SUMMARY

Input      Z:\computer\programming\GAMSStudio\workspace\new1.gms
Output     Z:\computer\programming\GAMSStudio\workspace\new1.lst
